
> my-v0-project@0.1.0 build
> next build

   Γû▓ Next.js 15.2.4
   - Environments: .env.local

   Creating an optimized production build ...
 Γ£ô Compiled successfully
   Skipping validation of types
   Skipping linting
   Collecting page data ...
   Generating static pages (0/12) ...
   Generating static pages (3/12) 
   Generating static pages (6/12) 
   Generating static pages (9/12) 
 Γ£ô Generating static pages (12/12)
   Finalizing page optimization ...
   Collecting build traces ...

Route (app)                                 Size  First Load JS
Γöî Γùï /                                    24.2 kB         202 kB
Γö£ Γùï /_not-found                            981 B         102 kB
Γö£ Γùï /admin                               12.7 kB         161 kB
Γö£ Γùï /all-certifications                    150 B         101 kB
Γö£ Γùï /auth-test                           2.06 kB         111 kB
Γö£ ╞Æ /interview-experience                2.91 kB         159 kB
Γö£ ╞Æ /interview-experience/[slug]         63.3 kB         219 kB
Γö£ Γùï /login                                4.5 kB         116 kB
Γö£ Γùï /more-about-me                       3.57 kB         147 kB
Γö£ Γùï /projects                            17.2 kB         195 kB
Γöö Γùï /stats                                 150 B         101 kB
+ First Load JS shared by all             101 kB
  Γö£ chunks/1684-68a6483e2d14e043.js      45.2 kB
  Γö£ chunks/4bd1b696-352738b4017495fc.js  53.2 kB
  Γöö other shared chunks (total)          2.23 kB


Γùï  (Static)   prerendered as static content
╞Æ  (Dynamic)  server-rendered on demand

