components/FeaturedBlogSection.tsx(52,16): error TS2304: Cannot find name 'WifiOff'.
components/optimized-animation.tsx(84,6): error TS2322: Type '{ children: ReactNode; ref: RefObject<HTMLDivElement | null>; className: string; initial: string; animate: string; exit: string; variants: any; style: { ...; }; transition: { ...; }; }' is not assignable to type 'IntrinsicAttributes & (((((((((string | ComponentType<unknown>) & Omit<HTMLMotionProps<"div">, "ref">) & RefAttributes<...> & Omit<...>) & ... 4 more ... & RefAttributes<...>) & ... 8 more ... & Omit<...>) & ... 17 more ... & RefAttributes<...>) & ... 36 more ... & Omit<...>) & ... 72 more ... & Omit<...>) & ... 146...'.
  Type '{ children: ReactNode; ref: RefObject<HTMLDivElement | null>; className: string; initial: string; animate: string; exit: string; variants: any; style: { ...; }; transition: { ...; }; }' is not assignable to type 'FunctionComponent<unknown>'.
    Type '{ children: ReactNode; ref: RefObject<HTMLDivElement | null>; className: string; initial: string; animate: string; exit: string; variants: any; style: { ...; }; transition: { ...; }; }' provides no match for the signature '(props: unknown): ReactNode | Promise<ReactNode>'.
components/optimized-animation.tsx(85,7): error TS2590: Expression produces a union type that is too complex to represent.
hooks/useInterviewExperience.tsx(1,44): error TS2307: Cannot find module '@/lib/data/interviewExperienceService' or its corresponding type declarations.
hooks/useInterviewExperience.tsx(2,44): error TS1149: File name 'C:/Personal Project/personal-portfolio/personal-portfolio-client/types/interface/interviewExperience/addInterviewExperienceData.interface.ts' differs from already included file name 'C:/Personal Project/personal-portfolio/personal-portfolio-client/types/interface/interviewExperience/AddInterviewExperienceData.interface.ts' only in casing.
  The file is in the program because:
    Imported via '@/types/interface/interviewExperience/AddInterviewExperienceData.interface' from file 'C:/Personal Project/personal-portfolio/personal-portfolio-client/lib/data/blogsService.ts'
    Matched by include pattern '**/*.ts' in 'C:/Personal Project/personal-portfolio/personal-portfolio-client/tsconfig.json'
    Imported via "@/types/interface/interviewExperience/addInterviewExperienceData.interface" from file 'C:/Personal Project/personal-portfolio/personal-portfolio-client/hooks/useInterviewExperience.tsx'
