app/more-about-me/Friends.tsx(90,19): error TS2322: Type '{ hidden: { opacity: number; y: number; scale: number; }; show: { opacity: number; y: number; scale: number; transition: { type: string; stiffness: number; }; }; }' is not assignable to type 'Variants'.
  Property 'show' is incompatible with index signature.
    Type '{ opacity: number; y: number; scale: number; transition: { type: string; stiffness: number; }; }' is not assignable to type 'Variant'.
      Type '{ opacity: number; y: number; scale: number; transition: { type: string; stiffness: number; }; }' is not assignable to type 'TargetAndTransition'.
        Type '{ opacity: number; y: number; scale: number; transition: { type: string; stiffness: number; }; }' is not assignable to type '{ transition?: Transition<any> | undefined; transitionEnd?: ResolvedValues | undefined; }'.
          Types of property 'transition' are incompatible.
            Type '{ type: string; stiffness: number; }' is not assignable to type 'Transition<any> | undefined'.
              Type '{ type: string; stiffness: number; }' is not assignable to type 'TransitionWithValueOverrides<any>'.
                Type '{ type: string; stiffness: number; }' is not assignable to type 'ValueAnimationTransition<any>'.
                  Types of property 'type' are incompatible.
                    Type 'string' is not assignable to type 'AnimationGeneratorType | undefined'.
app/more-about-me/MyGoals.tsx(53,13): error TS2322: Type '{ hidden: { opacity: number; scale: number; y: number; }; show: { opacity: number; scale: number; y: number; transition: { type: string; stiffness: number; }; }; }' is not assignable to type 'Variants'.
  Property 'show' is incompatible with index signature.
    Type '{ opacity: number; scale: number; y: number; transition: { type: string; stiffness: number; }; }' is not assignable to type 'Variant'.
      Type '{ opacity: number; scale: number; y: number; transition: { type: string; stiffness: number; }; }' is not assignable to type 'TargetAndTransition'.
        Type '{ opacity: number; scale: number; y: number; transition: { type: string; stiffness: number; }; }' is not assignable to type '{ transition?: Transition<any> | undefined; transitionEnd?: ResolvedValues | undefined; }'.
          Types of property 'transition' are incompatible.
            Type '{ type: string; stiffness: number; }' is not assignable to type 'Transition<any> | undefined'.
              Type '{ type: string; stiffness: number; }' is not assignable to type 'TransitionWithValueOverrides<any>'.
                Type '{ type: string; stiffness: number; }' is not assignable to type 'ValueAnimationTransition<any>'.
                  Types of property 'type' are incompatible.
                    Type 'string' is not assignable to type 'AnimationGeneratorType | undefined'.
app/more-about-me/MyHobbies.tsx(60,13): error TS2322: Type '{ hidden: { opacity: number; scale: number; y: number; }; show: { opacity: number; scale: number; y: number; transition: { type: string; stiffness: number; }; }; }' is not assignable to type 'Variants'.
  Property 'show' is incompatible with index signature.
    Type '{ opacity: number; scale: number; y: number; transition: { type: string; stiffness: number; }; }' is not assignable to type 'Variant'.
      Type '{ opacity: number; scale: number; y: number; transition: { type: string; stiffness: number; }; }' is not assignable to type 'TargetAndTransition'.
        Type '{ opacity: number; scale: number; y: number; transition: { type: string; stiffness: number; }; }' is not assignable to type '{ transition?: Transition<any> | undefined; transitionEnd?: ResolvedValues | undefined; }'.
          Types of property 'transition' are incompatible.
            Type '{ type: string; stiffness: number; }' is not assignable to type 'Transition<any> | undefined'.
              Type '{ type: string; stiffness: number; }' is not assignable to type 'TransitionWithValueOverrides<any>'.
                Type '{ type: string; stiffness: number; }' is not assignable to type 'ValueAnimationTransition<any>'.
                  Types of property 'type' are incompatible.
                    Type 'string' is not assignable to type 'AnimationGeneratorType | undefined'.
app/more-about-me/MyPhotograpy.tsx(103,13): error TS2322: Type '{ hidden: { opacity: number; scale: number; y: number; }; show: { opacity: number; scale: number; y: number; transition: { duration: number; ease: string; }; }; }' is not assignable to type 'Variants'.
  Property 'show' is incompatible with index signature.
    Type '{ opacity: number; scale: number; y: number; transition: { duration: number; ease: string; }; }' is not assignable to type 'Variant'.
      Type '{ opacity: number; scale: number; y: number; transition: { duration: number; ease: string; }; }' is not assignable to type 'TargetAndTransition'.
        Type '{ opacity: number; scale: number; y: number; transition: { duration: number; ease: string; }; }' is not assignable to type '{ transition?: Transition<any> | undefined; transitionEnd?: ResolvedValues | undefined; }'.
          Types of property 'transition' are incompatible.
            Type '{ duration: number; ease: string; }' is not assignable to type 'Transition<any> | undefined'.
              Type '{ duration: number; ease: string; }' is not assignable to type 'TransitionWithValueOverrides<any>'.
                Type '{ duration: number; ease: string; }' is not assignable to type 'ValueAnimationTransition<any>'.
                  Types of property 'ease' are incompatible.
                    Type 'string' is not assignable to type 'Easing | Easing[] | undefined'.
components/FeaturedBlogSection.tsx(52,16): error TS2304: Cannot find name 'WifiOff'.
components/optimized-animation.tsx(84,6): error TS2322: Type '{ children: ReactNode; ref: RefObject<HTMLDivElement | null>; className: string; initial: string; animate: string; exit: string; variants: any; style: { ...; }; transition: { ...; }; }' is not assignable to type 'IntrinsicAttributes & (((((((((string | ComponentType<unknown>) & Omit<HTMLMotionProps<"div">, "ref">) & RefAttributes<...> & Omit<...>) & ... 4 more ... & RefAttributes<...>) & ... 8 more ... & Omit<...>) & ... 17 more ... & RefAttributes<...>) & ... 36 more ... & Omit<...>) & ... 72 more ... & Omit<...>) & ... 146...'.
  Type '{ children: ReactNode; ref: RefObject<HTMLDivElement | null>; className: string; initial: string; animate: string; exit: string; variants: any; style: { ...; }; transition: { ...; }; }' is not assignable to type 'FunctionComponent<unknown>'.
    Type '{ children: ReactNode; ref: RefObject<HTMLDivElement | null>; className: string; initial: string; animate: string; exit: string; variants: any; style: { ...; }; transition: { ...; }; }' provides no match for the signature '(props: unknown): ReactNode | Promise<ReactNode>'.
components/optimized-animation.tsx(85,7): error TS2590: Expression produces a union type that is too complex to represent.
